files/43.csv
id,week,center_id,meal_id,checkout_price,base_price,emailer_for_promotion,homepage_featured,num_orders
1392359,1,43,2704,245.41,280.33,0,0,190
1219498,2,43,2704,244.5,282.33,0,0,161
1114719,3,43,2704,243.5,280.33,0,0,163
1130703,4,43,2704,247.38,282.33,0,0,283
1041840,5,43,2704,288.09,290.09,0,0,176
1191259,6,43,2704,291.03,290.03,0,0,134
1211634,7,43,2704,292.03,292.03,0,0,148
1100559,8,43,2704,292.03,292.03,0,0,148
1069402,9,43,2704,290.03,290.03,0,0,134
1087201,10,43,2704,242.53,290.03,0,1,323
1247033,11,43,2704,245.44,291.03,0,1,258
1216125,12,43,2704,241.53,291.03,0,0,230
1207263,13,43,2704,292.03,290.03,0,0,108
1036634,14,43,2704,283.3,281.3,0,0,285
1407905,15,43,2704,291.03,290.03,0,0,136
1138831,16,43,2704,292.03,291.03,0,0,134
1334208,17,43,2704,290.03,290.03,0,0,203
1093460,18,43,2704,290.03,291.03,0,0,80
1213315,19,43,2704,290.03,292.03,0,0,257
1202752,20,43,2704,290.03,290.03,0,0,256
1429349,21,43,2704,291.03,290.03,0,0,216
1016285,22,43,2704,243.5,292.03,0,0,256
1047658,23,43,2704,243.5,291.03,0,0,298
1272137,24,43,2704,244.5,290.03,0,0,216
1490648,25,43,2704,290.03,291.03,0,0,203
1056860,26,43,2704,290.03,290.03,0,0,149
1217022,27,43,2704,290.03,290.03,0,0,215
1252590,28,43,2704,260.93,292.03,0,1,352
1351617,29,43,2704,262.93,290.03,0,0,285
1382514,30,43,2704,263.87,264.87,0,0,257
1108430,31,43,2704,291.03,290.03,0,0,190
1367991,32,43,2704,290.03,290.03,0,0,94
1392805,42,43,2704,291.03,291.03,0,0,121
1328227,43,43,2704,263.87,264.87,0,0,364
1113905,44,43,2704,264.87,263.87,0,0,298
1121900,45,43,2704,263.87,264.87,0,0,447
1145795,46,43,2704,292.03,292.03,0,0,149
1347351,47,43,2704,290.03,291.03,0,0,269
1148511,48,43,2704,290.03,290.03,0,0,175
1491583,49,43,2704,292.03,291.03,0,0,256
1410924,50,43,2704,291.03,292.03,0,0,298
1043222,51,43,2704,291.03,290.03,0,0,257
1338097,52,43,2704,292.03,292.03,0,0,243
1103320,53,43,2704,292.03,290.03,0,0,257
1472465,54,43,2704,291.03,290.03,0,0,202
1200873,55,43,2704,290.03,292.03,0,0,176
1382361,56,43,2704,245.41,292.03,0,1,352
1465413,57,43,2704,243.53,291.03,0,1,432
1197965,58,43,2704,241.53,292.03,0,0,242
1266960,59,43,2704,290.03,291.03,0,0,243
1239712,60,43,2704,290.03,290.03,0,0,270
1049559,61,43,2704,292.03,292.03,0,0,202
1287859,62,43,2704,292.03,291.03,0,0,108
1253603,63,43,2704,243.5,292.03,0,1,690
1495865,64,43,2704,241.56,291.03,0,1,485
1414464,65,43,2704,243.53,292.03,0,0,337
1053619,66,43,2704,290.03,292.03,0,0,190
1259918,67,43,2704,291.03,290.03,0,0,217
1142699,68,43,2704,290.03,290.03,0,0,337
1068005,69,43,2704,292.03,292.03,0,0,148
1412750,70,43,2704,291.03,291.03,0,0,258
1106510,71,43,2704,292.03,291.03,0,0,297
1397892,72,43,2704,292.03,290.03,0,0,325
1131036,73,43,2704,245.47,290.03,0,1,877
1100860,74,43,2704,242.5,292.03,0,1,756
1099653,75,43,2704,242.5,291.03,0,0,418
1097437,76,43,2704,242.5,292.03,0,0,553
1028582,77,43,2704,292.03,291.03,0,0,243
1276333,78,43,2704,288.09,289.09,0,0,217
1311955,79,43,2704,291.03,291.03,0,0,406
1191526,80,43,2704,243.53,292.03,0,0,459
1131445,81,43,2704,244.47,291.03,0,1,447
1403621,82,43,2704,242.53,292.03,0,0,460
1232079,83,43,2704,291.03,291.03,0,0,216
1482867,84,43,2704,292.03,290.03,0,0,297
1338028,85,43,2704,244.44,291.03,0,0,297
1129476,86,43,2704,242.5,291.03,0,0,418
1206878,87,43,2704,243.5,292.03,0,0,311
1235442,88,43,2704,244.5,292.03,0,0,324
1499574,89,43,2704,292.03,292.03,0,0,123
1286074,90,43,2704,291.03,291.03,0,0,163
1353749,91,43,2704,292.03,291.03,0,0,311
1477191,92,43,2704,291.03,291.03,0,0,243
1353790,93,43,2704,292.03,291.03,0,0,323
1228394,94,43,2704,290.03,291.03,0,0,242
1077292,95,43,2704,290.03,292.03,0,0,231
1488533,96,43,2704,243.47,291.03,0,0,324
1061218,97,43,2704,244.47,290.03,0,0,391
1355397,98,43,2704,241.53,291.03,0,0,418
1073036,99,43,2704,292.03,291.03,0,0,406
1184149,100,43,2704,290.03,292.03,0,0,135
1099447,101,43,2704,292.03,290.03,0,0,256
1288643,102,43,2704,292.03,290.03,0,0,364
1361328,103,43,2704,290.03,291.03,0,0,392
1428312,104,43,2704,242.5,290.03,0,0,406
1321951,105,43,2704,244.5,291.03,0,1,512
1184727,106,43,2704,242.5,292.03,0,1,405
1001426,107,43,2704,243.5,290.03,0,1,500
1028332,108,43,2704,260.93,292.03,0,0,202
1186403,109,43,2704,262.93,290.03,0,0,257
1346601,110,43,2704,241.53,290.03,0,1,567
1333351,111,43,2704,243.53,292.03,0,1,404
1088316,112,43,2704,243.53,292.03,0,1,487
1147790,113,43,2704,244.5,290.03,0,1,744
1305538,114,43,2704,242.53,292.03,0,1,514
1269408,115,43,2704,290.03,292.03,0,0,350
1163308,116,43,2704,292.03,290.03,0,0,311
1220982,117,43,2704,292.03,290.03,0,0,325
1464991,118,43,2704,290.03,291.03,0,0,256
1088462,119,43,2704,290.03,291.03,0,0,324
1465597,120,43,2704,291.03,290.03,0,0,420
1069804,121,43,2704,244.44,290.03,0,0,393
1274668,122,43,2704,226.07,291.03,0,1,1282
1202950,123,43,2704,226.04,292.03,0,1,905
1242298,124,43,2704,319.13,321.13,0,0,204
1364831,125,43,2704,319.13,320.13,0,0,284
1286945,126,43,2704,319.13,319.13,0,0,215
1020282,127,43,2704,320.13,321.13,0,0,149
1124419,128,43,2704,319.13,321.13,0,0,323
1117717,129,43,2704,319.13,320.13,0,0,217
1012274,130,43,2704,320.13,320.13,0,0,190
1118409,131,43,2704,277.42,321.13,0,0,297
1021900,132,43,2704,253.17,320.13,0,0,258
1425629,133,43,2704,263.87,321.13,0,0,324
1498173,134,43,2704,320.13,321.13,0,0,256
1376781,135,43,2704,321.13,321.13,0,0,163
1018147,136,43,2704,321.13,319.13,0,0,284
1067640,137,43,2704,250.29,320.13,0,1,487
1422929,138,43,2704,250.26,319.13,0,1,473
1341230,139,43,2704,264.81,320.13,0,0,229
1475327,140,43,2704,303.61,303.61,0,0,257
1384057,141,43,2704,321.13,320.13,0,0,189
1179643,142,43,2704,319.13,321.13,0,0,162
1111576,143,43,2704,321.13,320.13,0,0,257
1177085,144,43,2704,320.13,320.13,0,0,204
1085082,145,43,2704,319.13,321.13,0,0,310
1072409,1,43,2492,387.03,387.03,0,0,95
1284021,2,43,2492,387.03,388.03,0,0,14
1434188,3,43,2492,388.03,387.03,0,0,81
1351211,4,43,2492,389.03,387.03,0,0,55
1140406,5,43,2492,387.03,389.03,0,0,96
1130174,6,43,2492,387.03,387.03,0,0,94
1209940,7,43,2492,387.03,387.03,0,0,81
1250366,8,43,2492,388.03,387.03,0,0,41
1221024,9,43,2492,388.03,387.03,0,0,108
1254586,10,43,2492,389.03,389.03,0,0,68
1317858,11,43,2492,389.03,388.03,0,0,28
1393637,12,43,2492,389.03,387.03,0,0,15
1188720,13,43,2492,388.03,387.03,0,0,161
1042332,14,43,2492,389.03,389.03,0,0,94
1036550,15,43,2492,389.03,388.03,0,0,55
1286898,16,43,2492,389.03,389.03,0,0,109
1058065,17,43,2492,388.03,389.03,0,0,54
1415179,18,43,2492,389.03,389.03,0,0,108
1355020,19,43,2492,388.03,387.03,0,0,123
1272513,20,43,2492,387.03,388.03,0,0,54
1231796,21,43,2492,388.03,389.03,0,0,41
1056065,22,43,2492,387.03,387.03,0,0,54
1476129,23,43,2492,389.03,387.03,0,0,55
1417349,24,43,2492,387.03,388.03,0,0,108
1352149,25,43,2492,388.03,387.03,0,0,41
1244915,26,43,2492,388.03,388.03,0,0,121
1273567,27,43,2492,388.03,388.03,0,0,26
1409222,28,43,2492,298.79,389.03,1,0,204
1157818,29,43,2492,293,387.03,1,0,324
1439754,30,43,2492,324.01,388.03,0,0,82
1477852,31,43,2492,293,388.03,0,0,107
1358917,32,43,2492,389.03,389.03,0,0,68
1054458,33,43,2492,387.03,389.03,0,0,27
1456043,34,43,2492,389.03,387.03,0,0,14
1496745,35,43,2492,388.03,389.03,0,0,27
1095087,37,43,2492,387.03,389.03,0,0,26
1409094,38,43,2492,387.03,388.03,0,0,27
1364331,39,43,2492,389.03,389.03,0,0,26
1449393,40,43,2492,389.03,387.03,0,0,53
1184118,41,43,2492,388.03,388.03,0,0,13
1333460,42,43,2492,389.03,387.03,0,0,54
1328913,43,43,2492,389.03,387.03,0,0,55
1197305,44,43,2492,389.03,388.03,0,0,13
1169699,45,43,2492,291.03,387.03,0,0,54
1438883,46,43,2492,292.03,388.03,0,0,40
1262569,47,43,2492,291.03,388.03,0,1,94
1405880,48,43,2492,292.03,387.03,0,0,68
1473350,49,43,2492,388.03,389.03,0,0,40
1162170,50,43,2492,389.03,387.03,0,0,40
1321308,51,43,2492,389.03,388.03,0,0,54
1094359,52,43,2492,388.03,387.03,0,0,80
1359842,53,43,2492,388.03,389.03,0,0,40
1259937,54,43,2492,388.03,388.03,0,0,42
1300290,56,43,2492,389.03,387.03,0,0,28
1097151,57,43,2492,387.03,387.03,0,0,67
1459934,58,43,2492,387.03,389.03,0,0,28
1281490,59,43,2492,388.03,389.03,0,0,14
1495781,60,43,2492,389.03,388.03,0,0,28
1273305,61,43,2492,389.03,389.03,0,0,41
1123903,62,43,2492,387.03,389.03,0,0,13
1129804,63,43,2492,292,389.03,1,1,338
1357360,64,43,2492,293,388.03,1,0,109
1306242,65,43,2492,387.03,389.03,0,0,13
1124541,66,43,2492,389.03,389.03,0,0,27
1279842,67,43,2492,388.03,389.03,0,0,67
1076588,68,43,2492,387.03,388.03,0,0,94
1478495,69,43,2492,387.03,387.03,0,0,14
1028637,70,43,2492,388.03,388.03,0,0,14
1228011,71,43,2492,388.03,388.03,0,0,42
1241277,72,43,2492,387.03,387.03,0,0,14
1378819,73,43,2492,389.03,388.03,0,0,15
1493125,74,43,2492,387.03,388.03,0,0,15
1137698,75,43,2492,388.03,389.03,0,0,55
1178514,76,43,2492,389.03,387.03,0,0,55
1299841,77,43,2492,388.03,388.03,0,0,53
1185667,78,43,2492,387.03,389.03,0,0,54
1478392,80,43,2492,291,387.03,0,1,150
1106520,81,43,2492,292,387.03,1,1,175
1413097,82,43,2492,291,389.03,0,1,109
1154952,83,43,2492,291,389.03,0,1,107
1419547,84,43,2492,387.03,389.03,0,1,15
1318238,85,43,2492,387.03,389.03,0,1,41
1391889,86,43,2492,388.03,387.03,0,0,28
1272198,87,43,2492,388.03,387.03,0,1,15
1394181,88,43,2492,388.03,387.03,0,1,42
1337243,89,43,2492,388.03,388.03,0,1,109
1124306,90,43,2492,387.03,387.03,0,1,42
1047010,91,43,2492,387.03,387.03,0,1,96
1345488,92,43,2492,389.03,389.03,0,1,96
1162220,93,43,2492,387.03,389.03,0,1,96
1493721,94,43,2492,388.03,388.03,0,1,121
1260515,95,43,2492,389.03,387.03,0,1,135
1428811,96,43,2492,292,387.03,0,0,150
1420811,97,43,2492,299.73,389.03,0,1,150
1372108,98,43,2492,292,389.03,0,1,96
1141846,99,43,2492,291,387.03,0,1,96
1326554,100,43,2492,387.03,389.03,0,0,26
1469861,101,43,2492,387.03,389.03,0,0,122
1333476,102,43,2492,389.03,387.03,0,0,14
1365980,103,43,2492,387.03,387.03,0,0,14
1165291,104,43,2492,388.03,387.03,0,0,13
1417147,105,43,2492,387.03,387.03,0,0,123
1336091,106,43,2492,388.03,389.03,0,0,26
1222375,107,43,2492,387.03,388.03,0,0,41
1287835,108,43,2492,341.5,388.03,0,0,270
1221018,109,43,2492,340.5,388.03,0,1,177
1462214,110,43,2492,388.03,388.03,0,0,82
1064719,111,43,2492,389.03,387.03,0,0,96
1283349,112,43,2492,388.03,387.03,0,0,28
1098657,113,43,2492,388.03,389.03,0,1,68
1028788,114,43,2492,388.03,388.03,0,1,134
1063964,115,43,2492,387.03,387.03,0,1,107
1021715,116,43,2492,389.03,389.03,0,1,55
1246253,117,43,2492,389.03,388.03,0,0,82
1326480,118,43,2492,387.03,387.03,0,0,81
1024060,119,43,2492,389.03,387.03,0,0,123
1017648,120,43,2492,340.5,387.03,1,0,109
1313404,121,43,2492,339.5,388.03,0,0,122
1230893,122,43,2492,320.13,388.03,0,0,323
1249012,123,43,2492,327.92,387.03,0,0,40
1171927,124,43,2492,388.03,387.03,0,0,149
1477338,125,43,2492,389.03,388.03,0,0,81
1177356,126,43,2492,389.03,387.03,0,0,67
1176919,127,43,2492,389.03,388.03,0,0,69
1170273,128,43,2492,389.03,387.03,0,0,81
1428194,129,43,2492,387.03,389.03,0,0,95
1179728,130,43,2492,388.03,389.03,0,0,136
1214126,131,43,2492,389.03,388.03,0,0,82
1351801,132,43,2492,274.57,389.03,0,1,188
1353571,133,43,2492,258.08,389.03,0,1,458
1475482,134,43,2492,291.03,388.03,0,0,204
1347971,135,43,2492,290.03,388.03,0,0,297
1197371,136,43,2492,388.03,389.03,0,0,81
1288145,137,43,2492,387.03,387.03,0,0,82
1344557,138,43,2492,388.03,389.03,0,0,42
1372491,139,43,2492,387.03,387.03,0,0,54
1320356,140,43,2492,389.03,389.03,0,0,68
1136228,141,43,2492,344.35,388.03,0,0,162
1408139,142,43,2492,341.47,389.03,0,0,162
1474138,143,43,2492,387.03,389.03,0,0,68
1450440,144,43,2492,389.03,389.03,0,0,55
1484289,145,43,2492,389.03,388.03,0,0,81
1298720,1,43,1543,485.03,485.03,0,0,162
1344960,2,43,1543,484.03,484.03,0,0,149
1469791,3,43,1543,485.03,486.03,0,0,149
1482747,4,43,1543,484.03,486.03,0,0,121
1362985,5,43,1543,484.03,484.03,0,0,121
1026831,6,43,1543,437.5,484.03,0,1,107
1211021,7,43,1543,437.5,437.5,0,0,108
1267387,9,43,1543,436.5,436.5,0,0,68
1118876,10,43,1543,485.03,484.03,0,0,42
1378229,11,43,1543,486.03,486.03,0,0,55
1267507,12,43,1543,486.03,484.03,0,0,41
1068239,13,43,1543,486.03,486.03,0,0,55
1335751,14,43,1543,485.03,486.03,0,0,27
1317959,15,43,1543,486.03,485.03,0,0,68
1207421,16,43,1543,484.03,486.03,0,0,27
1052777,17,43,1543,389.03,486.03,0,0,40
1037132,18,43,1543,399.7,486.03,0,0,121
1470582,19,43,1543,389.03,484.03,0,0,123
1389387,20,43,1543,388.03,484.03,0,0,189
1498545,21,43,1543,484.03,484.03,0,0,135
1333892,22,43,1543,484.03,486.03,0,0,55
1006093,23,43,1543,486.03,484.03,0,0,67
1221086,24,43,1543,484.03,485.03,0,0,41
1297367,25,43,1543,484.03,484.03,0,0,27
1390908,26,43,1543,486.03,485.03,0,0,40
1197136,27,43,1543,484.03,486.03,0,0,42
1096697,29,43,1543,486.03,485.03,0,0,26
1300986,30,43,1543,485.03,485.03,0,0,42
1406164,31,43,1543,484.03,484.03,0,0,81
1394822,32,43,1543,388.03,484.03,1,1,150
1065641,33,43,1543,388.03,485.03,0,0,81
1219373,34,43,1543,387.03,484.03,0,0,177
1110360,35,43,1543,388.03,485.03,0,0,190
1127210,36,43,1543,453.96,453.96,0,0,176
1177714,37,43,1543,484.03,486.03,0,0,67
1021466,38,43,1543,486.03,485.03,0,0,67
1207831,39,43,1543,484.03,485.03,0,0,107
1045839,40,43,1543,485.03,485.03,0,0,96
1367316,41,43,1543,484.03,485.03,0,0,81
1241803,42,43,1543,484.03,484.03,0,0,121
1331467,43,43,1543,389,485.03,1,0,499
1469304,44,43,1543,390,486.03,1,0,485
1367323,45,43,1543,390,485.03,0,0,94
1206375,46,43,1543,390,484.03,0,0,107
1366460,47,43,1543,485.03,485.03,0,0,41
1025488,48,43,1543,486.03,484.03,0,0,69
1306204,49,43,1543,485.03,484.03,0,0,122
1271485,50,43,1543,485.03,485.03,0,0,175
1310989,51,43,1543,485.03,484.03,0,0,123
1382364,52,43,1543,486.03,485.03,0,0,149
1093637,53,43,1543,484.03,484.03,0,0,135
1185744,54,43,1543,486.03,486.03,0,0,177
1017461,55,43,1543,393.85,486.03,1,0,244
1289888,56,43,1543,400.64,484.03,0,0,202
1168423,57,43,1543,387.03,484.03,0,0,122
1394645,58,43,1543,389.03,484.03,0,0,148
1122557,59,43,1543,485.03,484.03,0,0,95
1347319,60,43,1543,485.03,484.03,0,0,108
1112211,61,43,1543,484.03,484.03,0,0,67
1383797,62,43,1543,486.03,486.03,0,0,80
1088722,63,43,1543,486.03,484.03,0,0,82
1355988,64,43,1543,486.03,486.03,0,0,242
1172762,65,43,1543,484.03,486.03,0,0,136
1306981,66,43,1543,486.03,485.03,0,0,162
1019586,67,43,1543,486.03,486.03,0,0,176
1422429,68,43,1543,485.03,484.03,0,0,95
1420513,69,43,1543,484.03,486.03,0,0,122
1456351,70,43,1543,485.03,484.03,0,0,80
1426233,71,43,1543,486.03,484.03,0,0,217
1197280,72,43,1543,376.39,486.03,1,0,298
1445031,73,43,1543,388.06,484.03,0,0,190
1364064,74,43,1543,387.03,484.03,0,0,203
1015952,75,43,1543,388.03,484.03,0,0,161
1033174,76,43,1543,485.03,486.03,0,0,26
1421122,77,43,1543,484.03,485.03,0,0,82
1497620,78,43,1543,484.03,485.03,0,0,80
1287233,79,43,1543,486.03,486.03,0,0,162
1329818,80,43,1543,485.03,484.03,0,0,121
1209253,81,43,1543,485.03,486.03,0,0,68
1385721,82,43,1543,485.03,486.03,0,0,67
1228889,83,43,1543,388.03,484.03,0,0,189
1080084,84,43,1543,377.39,485.03,0,0,216
1387009,85,43,1543,387.03,486.03,0,0,136
1192744,86,43,1543,388.03,484.03,0,0,163
1123294,87,43,1543,485.03,486.03,0,0,161
1423365,88,43,1543,485.03,485.03,0,0,108
1038381,89,43,1543,484.03,486.03,0,0,162
1173570,90,43,1543,486.03,486.03,0,0,53
1390446,91,43,1543,485.03,485.03,0,0,177
1187580,92,43,1543,484.03,486.03,0,0,162
1153424,93,43,1543,485.03,485.03,0,0,161
1095353,94,43,1543,484.03,486.03,0,0,96
1489119,95,43,1543,486.03,485.03,0,0,150
1455413,96,43,1543,486.03,485.03,0,0,122
1439896,97,43,1543,484.03,486.03,0,0,109
1110306,98,43,1543,484.03,484.03,0,0,134
1208288,99,43,1543,484.03,484.03,0,0,134
1052115,100,43,1543,485.03,484.03,0,0,177
1194743,101,43,1543,485.03,484.03,0,0,136
1195520,102,43,1543,486.03,484.03,0,0,27
1090227,103,43,1543,484.03,486.03,0,0,54
1062789,104,43,1543,484.03,485.03,0,0,203
1011717,105,43,1543,486.03,486.03,0,0,269
1496100,106,43,1543,485.03,484.03,0,0,161
1137916,107,43,1543,484.03,485.03,0,0,204
1204254,108,43,1543,484.03,484.03,0,0,161
1219928,109,43,1543,486.03,486.03,0,0,190
1322501,110,43,1543,474.39,472.39,0,0,150
1246204,111,43,1543,473.39,473.39,0,0,189
1488126,112,43,1543,474.39,474.39,0,0,190
1197953,113,43,1543,472.39,472.39,0,0,189
1319775,114,43,1543,474.39,472.39,0,0,176
1455716,115,43,1543,474.39,474.39,0,0,148
1131928,116,43,1543,474.39,474.39,0,0,284
1440612,117,43,1543,387.03,472.39,0,1,391
1032283,118,43,1543,388.03,473.39,0,1,230
1081046,119,43,1543,389.03,473.39,0,0,324
1292014,120,43,1543,388.03,474.39,0,1,298
1313184,121,43,1543,464.66,463.66,0,0,229
1468254,122,43,1543,468.51,464.66,0,1,121
1051900,123,43,1543,470.51,465.66,0,1,82
1060828,124,43,1543,470.51,465.66,0,1,175
1050550,125,43,1543,394.85,465.66,0,1,203
1332554,126,43,1543,387.03,463.66,0,1,257
1220475,127,43,1543,389.03,464.66,0,1,256
1016617,128,43,1543,382.24,464.66,0,1,189
1243933,129,43,1543,469.51,463.66,0,1,122
1050762,130,43,1543,468.51,470.51,0,0,148
1417023,131,43,1543,470.51,470.51,0,0,161
1201805,132,43,1543,469.51,469.51,0,0,135
1172077,133,43,1543,484.09,482.09,0,0,94
1471333,134,43,1543,483.09,484.09,0,0,68
1281311,135,43,1543,485.03,486.03,0,0,202
1321962,136,43,1543,485.03,485.03,0,0,27
1163808,137,43,1543,374.42,486.03,1,0,487
1205182,138,43,1543,377.33,486.03,1,1,393
1023028,139,43,1543,394.85,485.03,0,0,229
1408936,140,43,1543,456.9,455.9,0,0,188
1395008,141,43,1543,486.03,486.03,0,0,202
1458687,142,43,1543,474.36,473.36,0,0,123
1285403,143,43,1543,484.03,484.03,0,0,190
1073734,144,43,1543,486.03,486.03,0,0,188
1172361,145,43,1543,480.21,478.21,0,0,216
